******************************************************************************
                  TI ARM Linker PC v20.2.7                     
******************************************************************************
>> Linked Wed Nov 20 21:58:20 2024

OUTPUT FILE NAME:   <LCD_TivaC.out>
ENTRY POINT SYMBOL: "_c_int00_noargs"  address: 00000e35


MEMORY CONFIGURATION

         name            origin    length      used     unused   attr    fill
----------------------  --------  ---------  --------  --------  ----  --------
  FLASH                 00000000   00040000  00000ee6  0003f11a  R  X
  SRAM                  20000000   00008000  0000020f  00007df1  RW X


SEGMENT ALLOCATION MAP

run origin  load origin   length   init length attrs members
----------  ----------- ---------- ----------- ----- -------
00000000    00000000    00000ee8   00000ee8    r-x
  00000000    00000000    0000026c   0000026c    r-- .intvecs
  0000026c    0000026c    00000c2e   00000c2e    r-x .text
  00000e9c    00000e9c    0000001c   0000001c    r-- .const
  00000eb8    00000eb8    00000030   00000030    r-- .cinit
20000000    20000000    0000020f   00000000    rw-
  20000000    20000000    00000200   00000000    rw- .stack
  20000200    20000200    0000000e   00000000    rw- .bss
  2000020e    2000020e    00000001   00000000    rw- .data


SECTION ALLOCATION MAP

 output                                  attributes/
section   page    origin      length       input sections
--------  ----  ----------  ----------   ----------------
.intvecs   0    00000000    0000026c     
                  00000000    0000026c     tm4c123gh6pm_startup_ccs.obj (.intvecs)

.text      0    0000026c    00000c2e     
                  0000026c    000003fc     LCD.obj (.text)
                  00000668    00000260     ADCSWTrigger.obj (.text)
                  000008c8    0000011c     SysTickInts.obj (.text)
                  000009e4    00000112     tm4c123gh6pm_startup_ccs.obj (.text)
                  00000af6    00000002     rtsv7M4_T_le_v4SPD16_eabi.lib : div0.asm.obj (.text)
                  00000af8    000000ac     TimerA0.obj (.text)
                  00000ba4    0000009c     rtsv7M4_T_le_v4SPD16_eabi.lib : memcpy_t2.asm.obj (.text)
                  00000c40    00000088     PLL.obj (.text)
                  00000cc8    00000080     main.obj (.text)
                  00000d48    00000068     rtsv7M4_T_le_v4SPD16_eabi.lib : copy_decompress_lzss.c.obj (.text:decompress:lzss:__TI_decompress_lzss)
                  00000db0    00000044                                   : autoinit.c.obj (.text:__TI_auto_init_nobinit_nopinit:__TI_auto_init_nobinit_nopinit)
                  00000df4    00000040                                   : u_divt2.asm.obj (.text)
                  00000e34    00000034                                   : boot_cortex_m.c.obj (.text:_c_int00_noargs:_c_int00_noargs)
                  00000e68    0000001c                                   : copy_zero_init.c.obj (.text:decompress:ZI:__TI_zero_init_nomemset:__TI_zero_init_nomemset)
                  00000e84    0000000e                                   : copy_decompress_none.c.obj (.text:decompress:none:__TI_decompress_none)
                  00000e92    00000004                                   : pre_init.c.obj (.text:_system_pre_init)
                  00000e96    00000004                                   : exit.c.obj (.text:abort:abort)

.const     0    00000e9c    0000001c     
                  00000e9c    00000011     main.obj (.const:.string:$P$T0$1)
                  00000ead    00000003     --HOLE-- [fill = 0]
                  00000eb0    00000008     ADCSWTrigger.obj (.const)

.cinit     0    00000eb8    00000030     
                  00000eb8    0000000c     (__TI_handler_table)
                  00000ec4    00000004     --HOLE-- [fill = 0]
                  00000ec8    00000008     (.cinit..bss.load) [load image, compression = zero_init]
                  00000ed0    00000005     (.cinit..data.load) [load image, compression = lzss]
                  00000ed5    00000003     --HOLE-- [fill = 0]
                  00000ed8    00000010     (__TI_cinit_table)

.init_array 
*          0    00000000    00000000     UNINITIALIZED

.bss       0    20000200    0000000e     UNINITIALIZED
                  20000200    00000004     (.common:ADCvalue)
                  20000204    00000004     (.common:Counts)
                  20000208    00000004     (.common:wait_per)
                  2000020c    00000001     (.common:LCD_E)
                  2000020d    00000001     (.common:LCD_RS)

.data      0    2000020e    00000001     UNINITIALIZED
                  2000020e    00000001     SysTickInts.obj (.data)

.stack     0    20000000    00000200     UNINITIALIZED
                  20000000    00000004     rtsv7M4_T_le_v4SPD16_eabi.lib : boot_cortex_m.c.obj (.stack)
                  20000004    000001fc     --HOLE--

__llvm_prf_cnts 
*          0    20000000    00000000     UNINITIALIZED

MODULE SUMMARY

       Module                         code   ro data   rw data
       ------                         ----   -------   -------
    .\
       LCD.obj                        1020   0         2      
       tm4c123gh6pm_startup_ccs.obj   274    620       0      
       ADCSWTrigger.obj               608    8         0      
       SysTickInts.obj                284    0         13     
       TimerA0.obj                    172    0         0      
       main.obj                       128    17        0      
       PLL.obj                        136    0         0      
    +--+------------------------------+------+---------+---------+
       Total:                         2622   645       15     
                                                              
    C:\ti\ccs1280\ccs\tools\compiler\ti-cgt-arm_20.2.7.LTS\lib\rtsv7M4_T_le_v4SPD16_eabi.lib
       memcpy_t2.asm.obj              156    0         0      
       copy_decompress_lzss.c.obj     104    0         0      
       autoinit.c.obj                 68     0         0      
       u_divt2.asm.obj                64     0         0      
       boot_cortex_m.c.obj            52     0         0      
       copy_zero_init.c.obj           28     0         0      
       copy_decompress_none.c.obj     14     0         0      
       exit.c.obj                     4      0         0      
       pre_init.c.obj                 4      0         0      
       div0.asm.obj                   2      0         0      
    +--+------------------------------+------+---------+---------+
       Total:                         496    0         0      
                                                              
       Stack:                         0      0         512    
       Linker Generated:              0      41        0      
    +--+------------------------------+------+---------+---------+
       Grand Total:                   3118   686       527    


LINKER GENERATED COPY TABLES

__TI_cinit_table @ 00000ed8 records: 2, size/record: 8, table size: 16
	.bss: load addr=00000ec8, load size=00000008 bytes, run addr=20000200, run size=0000000e bytes, compression=zero_init
	.data: load addr=00000ed0, load size=00000005 bytes, run addr=2000020e, run size=00000001 bytes, compression=lzss


LINKER GENERATED HANDLER TABLE

__TI_handler_table @ 00000eb8 records: 3, size/record: 4, table size: 12
	index: 0, handler: __TI_decompress_lzss
	index: 1, handler: __TI_decompress_none
	index: 2, handler: __TI_zero_init


GLOBAL SYMBOLS: SORTED ALPHABETICALLY BY Name 

address   name                          
-------   ----                          
00000a15  ADC0Seq0_Handler              
00000a17  ADC0Seq1_Handler              
00000a19  ADC0Seq2_Handler              
00000a1b  ADC0Seq3_Handler              
000007ad  ADC0_InSeq3                   
0000070b  ADC0_InitSWTriggerSeq3_Ch8    
00000669  ADC0_InitSWTriggerSeq3_Ch9    
00000a59  ADC1Seq0_Handler              
00000a5b  ADC1Seq1_Handler              
00000a5d  ADC1Seq2_Handler              
00000a5f  ADC1Seq3_Handler              
20000200  ADCvalue                      
00000e97  C$$EXIT                       
00000a47  CAN0_Handler                  
00000a49  CAN1_Handler                  
00000a4b  CAN2_Handler                  
00000a2b  Comp0_Handler                 
00000a2d  Comp1_Handler                 
00000a2f  Comp2_Handler                 
20000204  Counts                        
000009f3  DebugMon_Handler              
00000add  DisableInterrupts             
00000ae1  EnableInterrupts              
00000aed  EndCritical                   
00000a4d  Ethernet_Handler              
00000a63  ExtBus_Handler                
00000a9d  FPU_Handler                   
00000aad  Fan0_Handler                  
00000a33  FlashCtl_Handler              
000009f9  GPIOPortA_Handler             
000009fb  GPIOPortB_Handler             
000009fd  GPIOPortC_Handler             
000009ff  GPIOPortD_Handler             
00000a01  GPIOPortE_Handler             
00000a35  GPIOPortF_Handler             
00000a37  GPIOPortG_Handler             
00000a39  GPIOPortH_Handler             
00000a65  GPIOPortJ_Handler             
00000a67  GPIOPortK_Handler             
00000a69  GPIOPortL_Handler             
00000aa7  GPIOPortM_Handler             
00000aa9  GPIOPortN_Handler             
00000ab1  GPIOPortP1_Handler            
00000ab3  GPIOPortP2_Handler            
00000ab5  GPIOPortP3_Handler            
00000ab7  GPIOPortP4_Handler            
00000ab9  GPIOPortP5_Handler            
00000abb  GPIOPortP6_Handler            
00000abd  GPIOPortP7_Handler            
00000aaf  GPIOPortP_Handler             
00000ac1  GPIOPortQ1_Handler            
00000ac3  GPIOPortQ2_Handler            
00000ac5  GPIOPortQ3_Handler            
00000ac7  GPIOPortQ4_Handler            
00000ac9  GPIOPortQ5_Handler            
00000acb  GPIOPortQ6_Handler            
00000acd  GPIOPortQ7_Handler            
00000abf  GPIOPortQ_Handler             
00000acf  GPIOPortR_Handler             
00000ad1  GPIOPortS_Handler             
00000a4f  Hibernate_Handler             
00000a09  I2C0_Handler                  
00000a43  I2C1_Handler                  
00000a79  I2C2_Handler                  
00000a7b  I2C3_Handler                  
00000aa3  I2C4_Handler                  
00000aa5  I2C5_Handler                  
00000a61  I2S0_Handler                  
000002f9  LCD_Clear                     
2000020c  LCD_E                         
00000309  LCD_Init                      
0000042b  LCD_OutChar                   
0000048d  LCD_OutCmd                    
000004ef  LCD_OutString                 
00000553  LCD_OutUDec                   
000005bd  LCD_OutUFix                   
2000020d  LCD_RS                        
00000aa1  LPC0_Handler                  
00000997  Mailbox_Flag                  
00000833  OnDemandTempC                 
000007d5  OnDemandTempF                 
0000026d  Out_RS_E                      
00000a9f  PECI0_Handler                 
00000c41  PLL_Init                      
00000a0b  PWM0Fault_Handler             
00000a0d  PWM0Generator0_Handler        
00000a0f  PWM0Generator1_Handler        
00000a11  PWM0Generator2_Handler        
00000a53  PWM0Generator3_Handler        
00000adb  PWM1Fault_Handler             
00000ad3  PWM1Generator0_Handler        
00000ad5  PWM1Generator1_Handler        
00000ad7  PWM1Generator2_Handler        
00000ad9  PWM1Generator3_Handler        
000009f5  PendSV_Handler                
00000a13  Quadrature0_Handler           
00000a45  Quadrature1_Handler           
00000aab  Quadrature2_Handler           
000009e5  ResetISR                      
00000a07  SSI0_Handler                  
00000a3d  SSI1_Handler                  
00000a6b  SSI2_Handler                  
00000a6d  SSI3_Handler                  
000009f1  SVC_Handler                   
000002c1  SendChar                      
000002dd  SendCmd                       
00000295  SendPulse                     
00000ae5  StartCritical                 
00000a31  SysCtl_Handler                
0000094f  SysTick_Handler               
000008c9  SysTick_Init                  
0000097f  SysTick_Mailbox               
00000a1f  Timer0A_Handler               
00000a21  Timer0B_Handler               
00000a23  Timer1A_Handler               
00000a25  Timer1B_Handler               
00000a27  Timer2A_Handler               
00000a29  Timer2B_Handler               
00000a3f  Timer3A_Handler               
00000a41  Timer3B_Handler               
00000a7d  Timer4A_Handler               
00000a7f  Timer4B_Handler               
00000a81  Timer5A_Handler               
00000a83  Timer5B_Handler               
00000af9  TimerA0_Wait                  
00000b55  TimerA0_Wait10ms              
00000a03  UART0_Handler                 
00000a05  UART1_Handler                 
00000a3b  UART2_Handler                 
00000a6f  UART3_Handler                 
00000a71  UART4_Handler                 
00000a73  UART5_Handler                 
00000a75  UART6_Handler                 
00000a77  UART7_Handler                 
00000a51  USB0_Handler                  
00000a1d  WDT_Handler                   
00000af3  WaitForInterrupt              
00000a85  WideTimer0A_Handler           
00000a87  WideTimer0B_Handler           
00000a89  WideTimer1A_Handler           
00000a8b  WideTimer1B_Handler           
00000a8d  WideTimer2A_Handler           
00000a8f  WideTimer2B_Handler           
00000a91  WideTimer3A_Handler           
00000a93  WideTimer3B_Handler           
00000a95  WideTimer4A_Handler           
00000a97  WideTimer4B_Handler           
00000a99  WideTimer5A_Handler           
00000a9b  WideTimer5B_Handler           
20000200  __STACK_END                   
00000200  __STACK_SIZE                  
20000200  __STACK_TOP                   
00000ed8  __TI_CINIT_Base               
00000ee8  __TI_CINIT_Limit              
00000eb8  __TI_Handler_Table_Base       
00000ec4  __TI_Handler_Table_Limit      
00000db1  __TI_auto_init_nobinit_nopinit
00000d49  __TI_decompress_lzss          
00000e85  __TI_decompress_none          
ffffffff  __TI_pprof_out_hndl           
ffffffff  __TI_prof_data_size           
ffffffff  __TI_prof_data_start          
00000000  __TI_static_base__            
00000e69  __TI_zero_init_nomemset       
00000af7  __aeabi_idiv0                 
00000af7  __aeabi_ldiv0                 
00000ba5  __aeabi_memcpy                
00000ba5  __aeabi_memcpy4               
00000ba5  __aeabi_memcpy8               
00000df5  __aeabi_uidiv                 
00000df5  __aeabi_uidivmod              
ffffffff  __binit__                     
ffffffff  __c_args__                    
UNDEFED   __mpu_init                    
20000000  __stack                       
20000000  __start___llvm_prf_cnts       
20000000  __stop___llvm_prf_cnts        
00000e35  _c_int00_noargs               
UNDEFED   _system_post_cinit            
00000e93  _system_pre_init              
00000e97  abort                         
ffffffff  binit                         
00000000  g_pfnVectors                  
00000915  heartbeat_Init                
2000020e  mailboxFlag                   
00000cc9  main                          
00000ba5  memcpy                        
00000eb0  precision                     
0000055f  recOUF                        
00000515  rec_OUD                       
00000eb4  scale                         
00000a57  uDMA_Error                    
00000a55  uDMA_Handler                  
20000208  wait_per                      


GLOBAL SYMBOLS: SORTED BY Symbol Address 

address   name                          
-------   ----                          
00000000  __TI_static_base__            
00000000  g_pfnVectors                  
00000200  __STACK_SIZE                  
0000026d  Out_RS_E                      
00000295  SendPulse                     
000002c1  SendChar                      
000002dd  SendCmd                       
000002f9  LCD_Clear                     
00000309  LCD_Init                      
0000042b  LCD_OutChar                   
0000048d  LCD_OutCmd                    
000004ef  LCD_OutString                 
00000515  rec_OUD                       
00000553  LCD_OutUDec                   
0000055f  recOUF                        
000005bd  LCD_OutUFix                   
00000669  ADC0_InitSWTriggerSeq3_Ch9    
0000070b  ADC0_InitSWTriggerSeq3_Ch8    
000007ad  ADC0_InSeq3                   
000007d5  OnDemandTempF                 
00000833  OnDemandTempC                 
000008c9  SysTick_Init                  
00000915  heartbeat_Init                
0000094f  SysTick_Handler               
0000097f  SysTick_Mailbox               
00000997  Mailbox_Flag                  
000009e5  ResetISR                      
000009f1  SVC_Handler                   
000009f3  DebugMon_Handler              
000009f5  PendSV_Handler                
000009f9  GPIOPortA_Handler             
000009fb  GPIOPortB_Handler             
000009fd  GPIOPortC_Handler             
000009ff  GPIOPortD_Handler             
00000a01  GPIOPortE_Handler             
00000a03  UART0_Handler                 
00000a05  UART1_Handler                 
00000a07  SSI0_Handler                  
00000a09  I2C0_Handler                  
00000a0b  PWM0Fault_Handler             
00000a0d  PWM0Generator0_Handler        
00000a0f  PWM0Generator1_Handler        
00000a11  PWM0Generator2_Handler        
00000a13  Quadrature0_Handler           
00000a15  ADC0Seq0_Handler              
00000a17  ADC0Seq1_Handler              
00000a19  ADC0Seq2_Handler              
00000a1b  ADC0Seq3_Handler              
00000a1d  WDT_Handler                   
00000a1f  Timer0A_Handler               
00000a21  Timer0B_Handler               
00000a23  Timer1A_Handler               
00000a25  Timer1B_Handler               
00000a27  Timer2A_Handler               
00000a29  Timer2B_Handler               
00000a2b  Comp0_Handler                 
00000a2d  Comp1_Handler                 
00000a2f  Comp2_Handler                 
00000a31  SysCtl_Handler                
00000a33  FlashCtl_Handler              
00000a35  GPIOPortF_Handler             
00000a37  GPIOPortG_Handler             
00000a39  GPIOPortH_Handler             
00000a3b  UART2_Handler                 
00000a3d  SSI1_Handler                  
00000a3f  Timer3A_Handler               
00000a41  Timer3B_Handler               
00000a43  I2C1_Handler                  
00000a45  Quadrature1_Handler           
00000a47  CAN0_Handler                  
00000a49  CAN1_Handler                  
00000a4b  CAN2_Handler                  
00000a4d  Ethernet_Handler              
00000a4f  Hibernate_Handler             
00000a51  USB0_Handler                  
00000a53  PWM0Generator3_Handler        
00000a55  uDMA_Handler                  
00000a57  uDMA_Error                    
00000a59  ADC1Seq0_Handler              
00000a5b  ADC1Seq1_Handler              
00000a5d  ADC1Seq2_Handler              
00000a5f  ADC1Seq3_Handler              
00000a61  I2S0_Handler                  
00000a63  ExtBus_Handler                
00000a65  GPIOPortJ_Handler             
00000a67  GPIOPortK_Handler             
00000a69  GPIOPortL_Handler             
00000a6b  SSI2_Handler                  
00000a6d  SSI3_Handler                  
00000a6f  UART3_Handler                 
00000a71  UART4_Handler                 
00000a73  UART5_Handler                 
00000a75  UART6_Handler                 
00000a77  UART7_Handler                 
00000a79  I2C2_Handler                  
00000a7b  I2C3_Handler                  
00000a7d  Timer4A_Handler               
00000a7f  Timer4B_Handler               
00000a81  Timer5A_Handler               
00000a83  Timer5B_Handler               
00000a85  WideTimer0A_Handler           
00000a87  WideTimer0B_Handler           
00000a89  WideTimer1A_Handler           
00000a8b  WideTimer1B_Handler           
00000a8d  WideTimer2A_Handler           
00000a8f  WideTimer2B_Handler           
00000a91  WideTimer3A_Handler           
00000a93  WideTimer3B_Handler           
00000a95  WideTimer4A_Handler           
00000a97  WideTimer4B_Handler           
00000a99  WideTimer5A_Handler           
00000a9b  WideTimer5B_Handler           
00000a9d  FPU_Handler                   
00000a9f  PECI0_Handler                 
00000aa1  LPC0_Handler                  
00000aa3  I2C4_Handler                  
00000aa5  I2C5_Handler                  
00000aa7  GPIOPortM_Handler             
00000aa9  GPIOPortN_Handler             
00000aab  Quadrature2_Handler           
00000aad  Fan0_Handler                  
00000aaf  GPIOPortP_Handler             
00000ab1  GPIOPortP1_Handler            
00000ab3  GPIOPortP2_Handler            
00000ab5  GPIOPortP3_Handler            
00000ab7  GPIOPortP4_Handler            
00000ab9  GPIOPortP5_Handler            
00000abb  GPIOPortP6_Handler            
00000abd  GPIOPortP7_Handler            
00000abf  GPIOPortQ_Handler             
00000ac1  GPIOPortQ1_Handler            
00000ac3  GPIOPortQ2_Handler            
00000ac5  GPIOPortQ3_Handler            
00000ac7  GPIOPortQ4_Handler            
00000ac9  GPIOPortQ5_Handler            
00000acb  GPIOPortQ6_Handler            
00000acd  GPIOPortQ7_Handler            
00000acf  GPIOPortR_Handler             
00000ad1  GPIOPortS_Handler             
00000ad3  PWM1Generator0_Handler        
00000ad5  PWM1Generator1_Handler        
00000ad7  PWM1Generator2_Handler        
00000ad9  PWM1Generator3_Handler        
00000adb  PWM1Fault_Handler             
00000add  DisableInterrupts             
00000ae1  EnableInterrupts              
00000ae5  StartCritical                 
00000aed  EndCritical                   
00000af3  WaitForInterrupt              
00000af7  __aeabi_idiv0                 
00000af7  __aeabi_ldiv0                 
00000af9  TimerA0_Wait                  
00000b55  TimerA0_Wait10ms              
00000ba5  __aeabi_memcpy                
00000ba5  __aeabi_memcpy4               
00000ba5  __aeabi_memcpy8               
00000ba5  memcpy                        
00000c41  PLL_Init                      
00000cc9  main                          
00000d49  __TI_decompress_lzss          
00000db1  __TI_auto_init_nobinit_nopinit
00000df5  __aeabi_uidiv                 
00000df5  __aeabi_uidivmod              
00000e35  _c_int00_noargs               
00000e69  __TI_zero_init_nomemset       
00000e85  __TI_decompress_none          
00000e93  _system_pre_init              
00000e97  C$$EXIT                       
00000e97  abort                         
00000eb0  precision                     
00000eb4  scale                         
00000eb8  __TI_Handler_Table_Base       
00000ec4  __TI_Handler_Table_Limit      
00000ed8  __TI_CINIT_Base               
00000ee8  __TI_CINIT_Limit              
20000000  __stack                       
20000000  __start___llvm_prf_cnts       
20000000  __stop___llvm_prf_cnts        
20000200  ADCvalue                      
20000200  __STACK_END                   
20000200  __STACK_TOP                   
20000204  Counts                        
20000208  wait_per                      
2000020c  LCD_E                         
2000020d  LCD_RS                        
2000020e  mailboxFlag                   
ffffffff  __TI_pprof_out_hndl           
ffffffff  __TI_prof_data_size           
ffffffff  __TI_prof_data_start          
ffffffff  __binit__                     
ffffffff  __c_args__                    
ffffffff  binit                         
UNDEFED   __mpu_init                    
UNDEFED   _system_post_cinit            

[194 symbols]
